// Jest Snapshot v1, https://goo.gl/fbAQLP

exports[`Wallet renders propely 1`] = `
ShallowWrapper {
  "length": 1,
  Symbol(enzyme.__root__): [Circular],
  Symbol(enzyme.__unrendered__): <Wallet
    balance={0}
    deposit={[Function]}
    withdraw={[Function]}
/>,
  Symbol(enzyme.__renderer__): Object {
    "batchedUpdates": [Function],
    "getNode": [Function],
    "render": [Function],
    "simulateEvent": [Function],
    "unmount": [Function],
  },
  Symbol(enzyme.__node__): Object {
    "instance": null,
    "key": undefined,
    "nodeType": "host",
    "props": Object {
      "children": Array [
        <h3
          className="balance"
>
          Balance:
          0
</h3>,
        <input
          className="input-amount"
          onChange={[Function]}
/>,
        <button
          className="btn-deposit"
          onClick={[Function]}
>
          deposit
</button>,
        <button
          className="btn-withdraw"
          onClick={[Function]}
>
          withdraw
</button>,
      ],
    },
    "ref": null,
    "rendered": Array [
      Object {
        "instance": null,
        "key": undefined,
        "nodeType": "host",
        "props": Object {
          "children": Array [
            "Balance:",
            0,
          ],
          "className": "balance",
        },
        "ref": null,
        "rendered": Array [
          "Balance:",
          0,
        ],
        "type": "h3",
      },
      Object {
        "instance": null,
        "key": undefined,
        "nodeType": "host",
        "props": Object {
          "className": "input-amount",
          "onChange": [Function],
        },
        "ref": null,
        "rendered": null,
        "type": "input",
      },
      Object {
        "instance": null,
        "key": undefined,
        "nodeType": "host",
        "props": Object {
          "children": "deposit",
          "className": "btn-deposit",
          "onClick": [Function],
        },
        "ref": null,
        "rendered": "deposit",
        "type": "button",
      },
      Object {
        "instance": null,
        "key": undefined,
        "nodeType": "host",
        "props": Object {
          "children": "withdraw",
          "className": "btn-withdraw",
          "onClick": [Function],
        },
        "ref": null,
        "rendered": "withdraw",
        "type": "button",
      },
    ],
    "type": "div",
  },
  Symbol(enzyme.__nodes__): Array [
    Object {
      "instance": null,
      "key": undefined,
      "nodeType": "host",
      "props": Object {
        "children": Array [
          <h3
            className="balance"
>
            Balance:
            0
</h3>,
          <input
            className="input-amount"
            onChange={[Function]}
/>,
          <button
            className="btn-deposit"
            onClick={[Function]}
>
            deposit
</button>,
          <button
            className="btn-withdraw"
            onClick={[Function]}
>
            withdraw
</button>,
        ],
      },
      "ref": null,
      "rendered": Array [
        Object {
          "instance": null,
          "key": undefined,
          "nodeType": "host",
          "props": Object {
            "children": Array [
              "Balance:",
              0,
            ],
            "className": "balance",
          },
          "ref": null,
          "rendered": Array [
            "Balance:",
            0,
          ],
          "type": "h3",
        },
        Object {
          "instance": null,
          "key": undefined,
          "nodeType": "host",
          "props": Object {
            "className": "input-amount",
            "onChange": [Function],
          },
          "ref": null,
          "rendered": null,
          "type": "input",
        },
        Object {
          "instance": null,
          "key": undefined,
          "nodeType": "host",
          "props": Object {
            "children": "deposit",
            "className": "btn-deposit",
            "onClick": [Function],
          },
          "ref": null,
          "rendered": "deposit",
          "type": "button",
        },
        Object {
          "instance": null,
          "key": undefined,
          "nodeType": "host",
          "props": Object {
            "children": "withdraw",
            "className": "btn-withdraw",
            "onClick": [Function],
          },
          "ref": null,
          "rendered": "withdraw",
          "type": "button",
        },
      ],
      "type": "div",
    },
  ],
  Symbol(enzyme.__options__): Object {
    "adapter": ReactSixteenAdapter {
      "options": Object {
        "enableComponentDidUpdateOnSetState": true,
      },
    },
  },
}
`;
